
1
3
42
10
9
46
0
16
15
5
31
36
1
22
33
41
35
17
32
7
37
20
8
4
38
39
34
18
19
44
43
45
2
40
63
70
58
85
86
14
61

66
30
75
65
67
64
76
78
68
74
73
83
69
82
84
72
81
71
77
24
80
79
87
47
29
88
48
93
59
13
89
92
97
91
94
98
90
99
96
57
52
62
60
23
95
27
50
11
49
26
51
28
53
12
25
54
6
55
56
